// Jest Snapshot v1, https://goo.gl/fbAQLP

exports[`renders component 1`] = `
<div>
  <div
    class="slider-container"
    data-testid="slider-container"
  >
    <div
      class="slick-slider slick-initialized"
    >
      <div
        class="slick-list"
      >
        <div
          class="slick-track"
          style="opacity: 1; transform: translate3d(0px, 0px, 0px);"
        />
      </div>
    </div>
  </div>
</div>
`;
